Input mtobjects_spike: C:\Users\gordo\Dropbox\Public Documents\UCLAN\MSc Research\Remove foreground objects\mtobjects optimised foreground removal\spike-gate\20260728_102007\mtobjects_optimised_apply_summary.csv
Input mtobjects_toy: C:\Users\gordo\Dropbox\Public Documents\UCLAN\MSc Research\Remove foreground objects\mtobjects optimised foreground removal\toy-object\20260728_224057\mtobjects_optimised_apply_summary.csv
Input sep_spike: C:\Users\gordo\Dropbox\Public Documents\UCLAN\MSc Research\Remove foreground objects\SEP all galaxy batch\sep_spike_gate_20260728_100623\sep_optimised_apply_summary.csv
Input sep_toy: C:\Users\gordo\Dropbox\Public Documents\UCLAN\MSc Research\Remove foreground objects\SEP all galaxy batch\sep_toy_object_20260728_101358\sep_optimised_apply_summary.csv
Rendering 182 galaxy comparison PNGs to C:\Users\gordo\Dropbox\Public Documents\UCLAN\MSc Research\Remove foreground objects\all method galaxy comparison panels\20260729_150323
1/182 ESO013-016: C:\Users\gordo\Dropbox\Public Documents\UCLAN\MSc Research\Remove foreground objects\all method galaxy comparison panels\20260729_150323\ESO013-016_all_method_comparison.png
2/182 ESO026-001: C:\Users\gordo\Dropbox\Public Documents\UCLAN\MSc Research\Remove foreground objects\all method galaxy comparison panels\20260729_150323\ESO026-001_all_method_comparison.png
3/182 ESO054-021: C:\Users\gordo\Dropbox\Public Documents\UCLAN\MSc Research\Remove foreground objects\all method galaxy comparison panels\20260729_150323\ESO054-021_all_method_comparison.png
4/182 ESO079-005: C:\Users\gordo\Dropbox\Public Documents\UCLAN\MSc Research\Remove foreground objects\all method galaxy comparison panels\20260729_150323\ESO079-005_all_method_comparison.png
5/182 ESO085-047: C:\Users\gordo\Dropbox\Public Documents\UCLAN\MSc Research\Remove foreground objects\all method galaxy comparison panels\20260729_150323\ESO085-047_all_method_comparison.png
6/182 ESO120-012: C:\Users\gordo\Dropbox\Public Documents\UCLAN\MSc Research\Remove foreground objects\all method galaxy comparison panels\20260729_150323\ESO120-012_all_method_comparison.png
7/182 ESO202-041: C:\Users\gordo\Dropbox\Public Documents\UCLAN\MSc Research\Remove foreground objects\all method galaxy comparison panels\20260729_150323\ESO202-041_all_method_comparison.png
8/182 ESO236-039: C:\Users\gordo\Dropbox\Public Documents\UCLAN\MSc Research\Remove foreground objects\all method galaxy comparison panels\20260729_150323\ESO236-039_all_method_comparison.png
9/182 ESO298-023: C:\Users\gordo\Dropbox\Public Documents\UCLAN\MSc Research\Remove foreground objects\all method galaxy comparison panels\20260729_150323\ESO298-023_all_method_comparison.png
10/182 ESO357-012: C:\Users\gordo\Dropbox\Public Documents\UCLAN\MSc Research\Remove foreground objects\all method galaxy comparison panels\20260729_150323\ESO357-012_all_method_comparison.png
11/182 ESO358-020: C:\Users\gordo\Dropbox\Public Documents\UCLAN\MSc Research\Remove foreground objects\all method galaxy comparison panels\20260729_150323\ESO358-020_all_method_comparison.png
12/182 ESO359-031: C:\Users\gordo\Dropbox\Public Documents\UCLAN\MSc Research\Remove foreground objects\all method galaxy comparison panels\20260729_150323\ESO359-031_all_method_comparison.png
13/182 ESO420-009: C:\Users\gordo\Dropbox\Public Documents\UCLAN\MSc Research\Remove foreground objects\all method galaxy comparison panels\20260729_150323\ESO420-009_all_method_comparison.png
14/182 ESO440-044: C:\Users\gordo\Dropbox\Public Documents\UCLAN\MSc Research\Remove foreground objects\all method galaxy comparison panels\20260729_150323\ESO440-044_all_method_comparison.png
15/182 ESO443-085: C:\Users\gordo\Dropbox\Public Documents\UCLAN\MSc Research\Remove foreground objects\all method galaxy comparison panels\20260729_150323\ESO443-085_all_method_comparison.png
16/182 ESO479-004: C:\Users\gordo\Dropbox\Public Documents\UCLAN\MSc Research\Remove foreground objects\all method galaxy comparison panels\20260729_150323\ESO479-004_all_method_comparison.png
17/182 ESO485-021: C:\Users\gordo\Dropbox\Public Documents\UCLAN\MSc Research\Remove foreground objects\all method galaxy comparison panels\20260729_150323\ESO485-021_all_method_comparison.png
18/182 ESO572-030: C:\Users\gordo\Dropbox\Public Documents\UCLAN\MSc Research\Remove foreground objects\all method galaxy comparison panels\20260729_150323\ESO572-030_all_method_comparison.png
19/182 IC0600: C:\Users\gordo\Dropbox\Public Documents\UCLAN\MSc Research\Remove foreground objects\all method galaxy comparison panels\20260729_150323\IC0600_all_method_comparison.png
20/182 IC0797: C:\Users\gordo\Dropbox\Public Documents\UCLAN\MSc Research\Remove foreground objects\all method galaxy comparison panels\20260729_150323\IC0797_all_method_comparison.png
21/182 IC1014: C:\Users\gordo\Dropbox\Public Documents\UCLAN\MSc Research\Remove foreground objects\all method galaxy comparison panels\20260729_150323\IC1014_all_method_comparison.png
22/182 IC1933: C:\Users\gordo\Dropbox\Public Documents\UCLAN\MSc Research\Remove foreground objects\all method galaxy comparison panels\20260729_150323\IC1933_all_method_comparison.png
23/182 IC1953: C:\Users\gordo\Dropbox\Public Documents\UCLAN\MSc Research\Remove foreground objects\all method galaxy comparison panels\20260729_150323\IC1953_all_method_comparison.png
24/182 IC1954: C:\Users\gordo\Dropbox\Public Documents\UCLAN\MSc Research\Remove foreground objects\all method galaxy comparison panels\20260729_150323\IC1954_all_method_comparison.png
25/182 IC2007: C:\Users\gordo\Dropbox\Public Documents\UCLAN\MSc Research\Remove foreground objects\all method galaxy comparison panels\20260729_150323\IC2007_all_method_comparison.png
26/182 IC3115: C:\Users\gordo\Dropbox\Public Documents\UCLAN\MSc Research\Remove foreground objects\all method galaxy comparison panels\20260729_150323\IC3115_all_method_comparison.png
27/182 IC3517: C:\Users\gordo\Dropbox\Public Documents\UCLAN\MSc Research\Remove foreground objects\all method galaxy comparison panels\20260729_150323\IC3517_all_method_comparison.png
28/182 IC3521: C:\Users\gordo\Dropbox\Public Documents\UCLAN\MSc Research\Remove foreground objects\all method galaxy comparison panels\20260729_150323\IC3521_all_method_comparison.png
29/182 IC4901: C:\Users\gordo\Dropbox\Public Documents\UCLAN\MSc Research\Remove foreground objects\all method galaxy comparison panels\20260729_150323\IC4901_all_method_comparison.png
